{'File SFTYTQMON.C': {'Basic conditions': (84, 88),
                      'Decisions': (77, 83),
                      'Functions and exits': (34, 38),
                      'Implicit blocks': None,
                      'Modified conditions': (21, 21),
                      'Statement blocks': (77, 83)},
 'SftyTqMon_CalcAlpha': {'Basic conditions': (4, 4),
                         'Decisions': (5, 5),
                         'Functions and exits': (2, 2),
                         'Hit': ['yes', 'no'],
                         'Implicit blocks': None,
                         'Modified conditions': None,
                         'Statement blocks': (5, 5)},
 'SftyTqMon_CalcTqMax': {'Basic conditions': None,
                         'Decisions': (1, 1),
                         'Functions and exits': (2, 2),
                         'Hit': ['yes', 'no'],
                         'Implicit blocks': None,
                         'Modified conditions': None,
                         'Statement blocks': (1, 1)},
 'SftyTqMon_CalcTqMin': {'Basic conditions': None,
                         'Decisions': (1, 1),
                         'Functions and exits': (2, 2),
                         'Hit': ['yes', 'no'],
                         'Implicit blocks': None,
                         'Modified conditions': None,
                         'Statement blocks': (1, 1)},
 'SftyTqMon_CalcTqRngThd': {'Basic conditions': None,
                            'Decisions': (1, 1),
                            'Functions and exits': (2, 2),
                            'Hit': ['yes', 'no'],
                            'Implicit blocks': None,
                            'Modified conditions': None,
                            'Statement blocks': (1, 1)},
 'SftyTqMon_ChkTqEsp': {'Basic conditions': (16, 16),
                        'Decisions': (13, 13),
                        'Functions and exits': (2, 2),
                        'Hit': ['yes', 'no'],
                        'Implicit blocks': None,
                        'Modified conditions': (4, 4),
                        'Statement blocks': (13, 13)},
 'SftyTqMon_ChkTqOscn': {'Basic conditions': (8, 8),
                         'Decisions': (7, 7),
                         'Functions and exits': (2, 2),
                         'Hit': ['yes', 'no'],
                         'Implicit blocks': None,
                         'Modified conditions': (2, 2),
                         'Statement blocks': (7, 7)},
 'SftyTqMon_ChkTqReq': {'Basic conditions': (22, 22),
                        'Decisions': (13, 13),
                        'Functions and exits': (2, 2),
                        'Hit': ['yes', 'no'],
                        'Implicit blocks': None,
                        'Modified conditions': (7, 7),
                        'Statement blocks': (13, 13)},
 'SftyTqMon_ChkTqRng': {'Basic conditions': (8, 8),
                        'Decisions': (5, 5),
                        'Functions and exits': (2, 2),
                        'Hit': ['yes', 'no'],
                        'Implicit blocks': None,
                        'Modified conditions': (4, 4),
                        'Statement blocks': (5, 5)},
 'SftyTqMon_CurMdlPwrMdlPlaus': {'Basic conditions': (8, 8),
                                 'Decisions': (7, 7),
                                 'Functions and exits': (2, 2),
                                 'Hit': ['yes', 'no'],
                                 'Implicit blocks': None,
                                 'Modified conditions': (2, 2),
                                 'Statement blocks': (7, 7)},
 'SftyTqMon_CurMdlQmTqPlaus': {'Basic conditions': (6, 6),
                               'Decisions': (5, 5),
                               'Functions and exits': (2, 2),
                               'Hit': ['yes', 'no'],
                               'Implicit blocks': None,
                               'Modified conditions': (2, 2),
                               'Statement blocks': (5, 5)},
 'SftyTqMon_GetCurMdlTqEstimd': {'Basic conditions': (2, 2),
                                 'Decisions': (3, 3),
                                 'Functions and exits': (2, 2),
                                 'Hit': ['yes', 'no'],
                                 'Implicit blocks': None,
                                 'Modified conditions': None,
                                 'Statement blocks': (3, 3)},
 'SftyTqMon_GetPwrMdlTqEstimd': {'Basic conditions': (2, 2),
                                 'Decisions': (3, 3),
                                 'Functions and exits': (2, 2),
                                 'Hit': ['yes', 'no'],
                                 'Implicit blocks': None,
                                 'Modified conditions': None,
                                 'Statement blocks': (3, 3)},
 'SftyTqMon_GetQmTqAct': {'Basic conditions': (4, 4),
                          'Decisions': (5, 5),
                          'Functions and exits': (2, 2),
                          'Hit': ['no', 'yes'],
                          'Implicit blocks': None,
                          'Modified conditions': None,
                          'Statement blocks': (5, 5)},
 'SftyTqMon_GetTqMax': {'Basic conditions': (4, 4),
                        'Decisions': (5, 5),
                        'Functions and exits': (2, 2),
                        'Hit': ['yes', 'no'],
                        'Implicit blocks': None,
                        'Modified conditions': None,
                        'Statement blocks': (5, 5)},
 'SftyTqMon_GetTqMin': {'Basic conditions': (4, 4),
                        'Decisions': (5, 5),
                        'Functions and exits': (2, 2),
                        'Hit': ['yes', 'no'],
                        'Implicit blocks': None,
                        'Modified conditions': None,
                        'Statement blocks': (5, 5)},
 'SftyTqMon_Init': {'Basic conditions': None,
                    'Decisions': (1, 1),
                    'Functions and exits': (2, 2),
                    'Hit': ['yes', 'no'],
                    'Implicit blocks': None,
                    'Modified conditions': None,
                    'Statement blocks': (1, 1)},
 'SftyTqMon_Init_ErrDeb': {'Basic conditions': None,
                           'Decisions': (0, 1),
                           'Functions and exits': (0, 2),
                           'Hit': ['no', 'no'],
                           'Implicit blocks': None,
                           'Modified conditions': None,
                           'Statement blocks': (0, 1)},
 'SftyTqMon_MainFunction': {'Basic conditions': None,
                            'Decisions': (1, 1),
                            'Functions and exits': (2, 2),
                            'Hit': ['yes', 'no'],
                            'Implicit blocks': None,
                            'Modified conditions': None,
                            'Statement blocks': (1, 1)},
 'SftyTqMon_SendTqLimToDrco': {'Basic conditions': None,
                               'Decisions': (1, 1),
                               'Functions and exits': (2, 2),
                               'Hit': ['yes', 'no'],
                               'Implicit blocks': None,
                               'Modified conditions': None,
                               'Statement blocks': (1, 1)},
 'Summary': {'Basic conditions': [172, 176],
             'Decisions': [159, 166],
             'Functions and exits': [36, 38],
             'Implicit blocks': [0, 0],
             'Modified conditions': [42, 42],
             'Statement blocks': [159, 166]}}