['W:/DE/ERL1/RnD/serv/JBUILD/VW_MEB/RollingBuild/VW-MEB-P331-0006-20220915/Reports/RTRT/BSW-PSM/Reporter/Idp.html']